/*C1*/SET SCHEMA SYSTEM_LOBS
INSERT INTO BLOCKS VALUES(0,2147483647,0)
COMMIT
/*C2*/SET SCHEMA PUBLIC
CREATE TABLE IF NOT EXISTS Punishments (id INTEGER IDENTITY PRIMARY KEY,name VARCHAR(16),uuid VARCHAR(35),reason VARCHAR(255),operator VARCHAR(16),punishmentType VARCHAR(16),start BIGINT,end BIGINT,calculation VARCHAR(50))
CREATE TABLE IF NOT EXISTS PunishmentHistory (id INTEGER IDENTITY PRIMARY KEY,name VARCHAR(16),uuid VARCHAR(35),reason VARCHAR(255),operator VARCHAR(16),punishmentType VARCHAR(16),start BIGINT,end BIGINT,calculation VARCHAR(50))
INSERT INTO PUNISHMENTHISTORY VALUES(0,'Ruby_HoshinoSan','75615c2b24de4728b024c3883ff0d5a5','No reason provided.','CONSOLE','BAN',1755645338925,-1,'')
COMMIT
INSERT INTO PUNISHMENTS VALUES(0,'Ruby_HoshinoSan','75615c2b24de4728b024c3883ff0d5a5','No reason provided.','CONSOLE','BAN',1755645338925,-1,'')
COMMIT
DELETE FROM PUNISHMENTS WHERE ID=0
COMMIT
INSERT INTO PUNISHMENTHISTORY VALUES(1,'reload','372295252262453e92bd08ff5bf8ad16','No reason provided.','CONSOLE','BAN',1755646081619,-1,'')
COMMIT
INSERT INTO PUNISHMENTS VALUES(1,'reload','372295252262453e92bd08ff5bf8ad16','No reason provided.','CONSOLE','BAN',1755646081619,-1,'')
COMMIT
INSERT INTO PUNISHMENTHISTORY VALUES(2,'Ruby_HoshinoSan','75615c2b24de4728b024c3883ff0d5a5','No reason provided.','CONSOLE','BAN',1755646224674,-1,'')
COMMIT
INSERT INTO PUNISHMENTS VALUES(2,'Ruby_HoshinoSan','75615c2b24de4728b024c3883ff0d5a5','No reason provided.','CONSOLE','BAN',1755646224674,-1,'')
COMMIT
DELETE FROM PUNISHMENTS WHERE ID=2
COMMIT
INSERT INTO PUNISHMENTHISTORY VALUES(3,'Ruby_HoshinoSan','75615c2b24de4728b024c3883ff0d5a5','Uso De Exploits','CONSOLE','TEMP_BAN',1755646337127,1756251137126,'')
COMMIT
INSERT INTO PUNISHMENTS VALUES(3,'Ruby_HoshinoSan','75615c2b24de4728b024c3883ff0d5a5','Uso De Exploits','CONSOLE','TEMP_BAN',1755646337127,1756251137126,'')
COMMIT
